// Jest Snapshot v1, https://goo.gl/fbAQLP

exports[`<App /> should render and match the snapshot 1`] = `
<div
  data-testid="sign-up-form"
>
  <Formik
    initialValues={
      Object {
        "confirmPassword": "",
        "email": "",
        "firstName": "",
        "lastName": "",
        "password": "",
      }
    }
    onSubmit={[Function]}
    validationSchema={
      ObjectSchema {
        "_blacklist": ReferenceSet {
          "list": Set {},
          "refs": Map {},
        },
        "_blacklistError": undefined,
        "_excludedEdges": Array [],
        "_nodes": Array [
          "confirmPassword",
          "password",
          "email",
          "lastName",
          "firstName",
        ],
        "_sortErrors": [Function],
        "_typeError": [Function],
        "_whitelist": ReferenceSet {
          "list": Set {},
          "refs": Map {},
        },
        "_whitelistError": undefined,
        "conditions": Array [],
        "deps": Array [],
        "exclusiveTests": Object {},
        "fields": Object {
          "confirmPassword": StringSchema {
            "_blacklist": ReferenceSet {
              "list": Set {},
              "refs": Map {},
            },
            "_blacklistError": undefined,
            "_typeError": [Function],
            "_whitelist": ReferenceSet {
              "list": Set {
                null,
              },
              "refs": Map {
                "password" => Reference {
                  "getter": [Function],
                  "isContext": false,
                  "isSibling": true,
                  "isValue": false,
                  "key": "password",
                  "map": undefined,
                  "path": "password",
                },
              },
            },
            "_whitelistError": [Function],
            "conditions": Array [],
            "deps": Array [],
            "exclusiveTests": Object {
              "required": true,
            },
            "spec": Object {
              "abortEarly": true,
              "nullable": false,
              "presence": "required",
              "recursive": true,
              "strict": false,
              "strip": false,
            },
            "tests": Array [
              [Function],
            ],
            "transforms": Array [
              [Function],
            ],
            "type": "string",
          },
          "email": StringSchema {
            "_blacklist": ReferenceSet {
              "list": Set {},
              "refs": Map {},
            },
            "_blacklistError": undefined,
            "_mutate": undefined,
            "_typeError": [Function],
            "_whitelist": ReferenceSet {
              "list": Set {},
              "refs": Map {},
            },
            "_whitelistError": undefined,
            "conditions": Array [],
            "deps": Array [],
            "exclusiveTests": Object {
              "email": false,
              "required": true,
            },
            "spec": Object {
              "abortEarly": true,
              "nullable": false,
              "presence": "required",
              "recursive": true,
              "strict": false,
              "strip": false,
            },
            "tests": Array [
              [Function],
              [Function],
            ],
            "transforms": Array [
              [Function],
            ],
            "type": "string",
          },
          "firstName": StringSchema {
            "_blacklist": ReferenceSet {
              "list": Set {},
              "refs": Map {},
            },
            "_blacklistError": undefined,
            "_mutate": undefined,
            "_typeError": [Function],
            "_whitelist": ReferenceSet {
              "list": Set {},
              "refs": Map {},
            },
            "_whitelistError": undefined,
            "conditions": Array [],
            "deps": Array [],
            "exclusiveTests": Object {
              "max": true,
              "min": true,
              "required": true,
            },
            "spec": Object {
              "abortEarly": true,
              "nullable": false,
              "presence": "required",
              "recursive": true,
              "strict": false,
              "strip": false,
            },
            "tests": Array [
              [Function],
              [Function],
              [Function],
            ],
            "transforms": Array [
              [Function],
            ],
            "type": "string",
          },
          "lastName": StringSchema {
            "_blacklist": ReferenceSet {
              "list": Set {},
              "refs": Map {},
            },
            "_blacklistError": undefined,
            "_mutate": undefined,
            "_typeError": [Function],
            "_whitelist": ReferenceSet {
              "list": Set {},
              "refs": Map {},
            },
            "_whitelistError": undefined,
            "conditions": Array [],
            "deps": Array [],
            "exclusiveTests": Object {
              "max": true,
              "min": true,
              "required": true,
            },
            "spec": Object {
              "abortEarly": true,
              "nullable": false,
              "presence": "required",
              "recursive": true,
              "strict": false,
              "strip": false,
            },
            "tests": Array [
              [Function],
              [Function],
              [Function],
            ],
            "transforms": Array [
              [Function],
            ],
            "type": "string",
          },
          "password": StringSchema {
            "_blacklist": ReferenceSet {
              "list": Set {},
              "refs": Map {},
            },
            "_blacklistError": undefined,
            "_typeError": [Function],
            "_whitelist": ReferenceSet {
              "list": Set {},
              "refs": Map {},
            },
            "_whitelistError": undefined,
            "conditions": Array [],
            "deps": Array [],
            "exclusiveTests": Object {
              "max": true,
              "min": true,
              "required": true,
            },
            "spec": Object {
              "abortEarly": true,
              "nullable": false,
              "presence": "required",
              "recursive": true,
              "strict": false,
              "strip": false,
            },
            "tests": Array [
              [Function],
              [Function],
              [Function],
            ],
            "transforms": Array [
              [Function],
            ],
            "type": "string",
          },
        },
        "spec": Object {
          "abortEarly": true,
          "nullable": false,
          "presence": "optional",
          "recursive": true,
          "strict": false,
          "strip": false,
        },
        "tests": Array [],
        "transforms": Array [
          [Function],
        ],
        "type": "object",
      }
    }
  >
    [Function]
  </Formik>
</div>
`;
